[www.bupkis.org/index.html]
[backblue.gif]
[fade.gif]
[index.html]
[www.bupkis.org/index.html]
[www.bupkis.org/index.php/wp-json/index.html]
[www.bupkis.org/index.php/feed]
[www.bupkis.org/index.php/comments/feed]
[fonts.googleapis.com/index.html]
[fonts.gstatic.com/index.html]
[www.bupkis.org/xmlrpc0db0.php]
[www.bupkis.org/index.php/wp-json/wp/v2/pages/5986.json]
[www.bupkis.org/index.php/friends.html]
[www.bupkis.org/index.php/friends/humans.html]
[www.bupkis.org/index.php/friends/molson.html]
[www.bupkis.org/index.php/friends/russell.html]
[fonts.googleapis.com/index.html]
[www.bupkis.org/index.php/wp-json/oembed/1.0/embed95a8.json]
[www.bupkis.org/index.php/wp-json/oembed/1.0/embed8856]
[www.bupkis.org/index.php/friends/sam.html]
[www.bupkis.org/index.php/recipes-2/pizza-index/pizza-dough.html]
[www.bupkis.org/index.php/recipes-2/pizza-index/tomato-sauce.html]
[www.bupkis.org/index.php/recipes-2/sauces/basil-pesto.html]
[fonts.googleapis.com/css58da.css]
[www.bupkis.org/index.php/recipes-2/pizza-index/broccoli-garlic-pizza.html]
[www.bupkis.org/index.php/recipes-2/pizza-index/roasted-red-pepper-sausage-mushroom-pizza.html]
[www.bupkis.org/index.php/recipes-2/appetizers/gambas-ajillo-garlic-shrimp.html]
[www.bupkis.org/index.php/friends.html]
[www.bupkis.org/index.php/recipes-2/pizza-index/pesto-garlic-pizza.html]
[www.bupkis.org/index.php/recipes-2/appetizers/roasted-garlic-and-lemon-hummus.html]
[www.bupkis.org/index.php/friends/humans.html]
[www.bupkis.org/index.php/recipes-2/appetizers/guacamole.html]
[www.bupkis.org/index.php/recipes-2/appetizers/lemon-garlic-hummus.html]
[www.bupkis.org/index.php/recipes-2/appetizers/shrimp-cocktail.html]
[www.bupkis.org/index.php/recipes-2/appetizers/awesome-potato-latkes.html]
[www.bupkis.org/index.php/friends/molson.html]
[www.bupkis.org/index.php/beijing-style-moo-shu-pork.html]
[www.bupkis.org/index.php/friends/russell.html]
[www.bupkis.org/index.php/recipes-2/entrees/aunt-josies-special-from-aunt-josies-restaurant-syracuse-ny.html]
[www.bupkis.org/index.php/recipes-2/entrees/baked-stuffed-shells-with-cheese.html]
[www.bupkis.org/index.php/recipes-2/entrees/basil-pesto-penne-with-chicken-and-mushrooms.html]
[www.bupkis.org/index.php/recipes-2/entrees/beef-stew.html]
[www.bupkis.org/index.php/friends/sam.html]
[www.bupkis.org/index.php/recipes-2/entrees/chicken-andouille-sausage-gumbo-giant-pot.html]
[www.bupkis.org/index.php/recipes-2/entrees/chipotle-garlic-shrimp.html]
[www.bupkis.org/index.php/recipes-2/entrees/chicken-spiedies.html]
[www.bupkis.org/index.php/recipes-2/pizza-index/pizza-dough.html]
[www.bupkis.org/index.php/recipes-2/entrees/chicken-and-smoked-sausage-gumbo.html]
[www.bupkis.org/index.php/recipes-2/entrees/jewish-corned-beef.html]
[www.bupkis.org/index.php/recipes-2/entrees/falafel-with-tahini-sauce.html]
[www.bupkis.org/index.php/emeril-lagasses-rustic-rub-recipe.html]
[www.bupkis.org/index.php/recipes-2/pizza-index/tomato-sauce.html]
[www.bupkis.org/index.php/recipes-2/entrees/oven-fried-baked-falafel.html]
[www.bupkis.org/index.php/recipes-2/entrees/pan-seared-scallops.html]
[www.bupkis.org/index.php/recipes-2/entrees/roasted-chicken-and-potatoes.html]
[www.bupkis.org/index.php/recipes-2/sauces/basil-pesto.html]
[www.bupkis.org/index.php/recipes-2/entrees/my-egg-mcmuffin.html]
[www.bupkis.org/index.php/recipes-2/entrees/turkey-burgers.html]
[www.bupkis.org/index.php/recipes-2/entrees/shrimp-on-the-barbie.html]
[www.bupkis.org/index.php/recipes-2/entrees/shrimp-scampi.html]
[www.bupkis.org/index.php/recipes-2/pizza-index/broccoli-garlic-pizza.html]
[www.bupkis.org/index.php/recipes-2/entrees/turkey-meatballs-5lb-package.html]
[www.bupkis.org/index.php/recipes-2/entrees/turkey-meatballs.html]
[www.bupkis.org/index.php/recipes-2/entrees/white-chicken-chili.html]
[www.bupkis.org/index.php/recipes-2/side-dishes/couscous-pine-nuts.html]
[www.bupkis.org/index.php/recipes-2/side-dishes/mexican-yellow-rice.html]
[www.bupkis.org/index.php/recipes-2/side-dishes/garlic-rosemary-roasted-potatoes.html]
[www.bupkis.org/index.php/recipes-2/side-dishes/mashed-potatoes.html]
[www.bupkis.org/index.php/recipes-2/pizza-index/roasted-red-pepper-sausage-mushroom-pizza.html]
[www.bupkis.org/index.php/recipes-2/side-dishes/napa-cabbage-kimchi-kimchee.html]
[www.bupkis.org/index.php/recipes-2/side-dishes/mexican-yellow-rice-wcorn.html]
[www.bupkis.org/index.php/recipes-2/side-dishes/roasted-butternut-squash-with-parmesan-lemon-sage.html]
[www.bupkis.org/index.php/recipes-2/side-dishes/lokshen-kugel-noodle-kugel.html]
[www.bupkis.org/index.php/recipes-2/pizza-index/pesto-garlic-pizza.html]
[www.bupkis.org/index.php/recipes-2/side-dishes/roasted-vegetables.html]
[www.bupkis.org/index.php/recipes-2/snacks/kettle-corn.html]
[www.bupkis.org/index.php/recipes-2/snacks/popcorn-salt.html]
[www.bupkis.org/index.php/recipes-2/snacks/movie-theater-popcorn.html]
[www.bupkis.org/index.php/tamales-with-vegetable-oil-instead-of-lard.html]
[www.bupkis.org/index.php/recipes-2/favorites/spectacular-homemade-bread-without-a-dough-mixer.html]
[www.bupkis.org/index.php/recipes-2/appetizers/gambas-ajillo-garlic-shrimp.html]
[www.bupkis.org/index.php/recipes-2/favorites/banana-bread.html]
[www.bupkis.org/index.php/recipes-2/appetizers/guacamole.html]
[www.bupkis.org/index.php/recipes-2/favorites/challah.html]
[www.bupkis.org/index.php/recipes-2/favorites/crusty-italian-bread.html]
[www.bupkis.org/index.php/recipes-2/favorites/ciabatta-bread.html]
[www.bupkis.org/index.php/recipes-2/favorites/spoon-bread.html]
[www.bupkis.org/index.php/recipes-2/appetizers/lemon-garlic-hummus.html]
[www.bupkis.org/index.php/recipes-2/sauces/cucumber-yogurt-sauce.html]
[www.bupkis.org/index.php/spicy-barbecue-sauce.html]
[www.bupkis.org/index.php/recipes-2/appetizers/roasted-garlic-and-lemon-hummus.html]
[www.bupkis.org/index.php/alton-browns-taco-potion-19.html]
[www.bupkis.org/index.php/recipes-2/favorites/popovers-makes-6.html]
[www.bupkis.org/index.php/guinness-and-chili-garlic-mustard.html]
[www.bupkis.org/index.php/recipes-2/appetizers/awesome-potato-latkes.html]
[www.bupkis.org/index.php/recipes-2/sauces/fresh-ground-horseradish.html]
[www.bupkis.org/index.php/recipes-2/sauces/whipped-cream.html]
[www.bupkis.org/index.php/recipes-2/guinness-horseradish-and-sriracha-mustard.html]
[www.bupkis.org/index.php/recipes-2/soups-2/16-bean-soup-with-bacon.html]
[www.bupkis.org/index.php/recipes-2/appetizers/shrimp-cocktail.html]
[www.bupkis.org/index.php/recipes-2/soups-2/bean-and-sausage-soup.html]
[www.bupkis.org/index.php/beijing-style-moo-shu-pork.html]
[www.bupkis.org/index.php/recipes-2/soups-2/bean-and-sausage-soup-pressure-cooker.html]
[www.bupkis.org/index.php/recipes-2/soups-2/black-beans-and-rice.html]
[www.bupkis.org/index.php/recipes-2/soups-2/black-bean-soup.html]
[www.bupkis.org/index.php/recipes-2/soups-2/butternut-squash-soup.html]
[www.bupkis.org/index.php/recipes-2/entrees/aunt-josies-special-from-aunt-josies-restaurant-syracuse-ny.html]
[www.bupkis.org/index.php/recipes-2/soups-2/chicken-soup-pressure-cooker.html]
[www.bupkis.org/index.php/recipes-2/soups-2/chicken-soup-shhh-dont-tell.html]
[www.bupkis.org/index.php/recipes-2/entrees/baked-stuffed-shells-with-cheese.html]
[www.bupkis.org/index.php/recipes-2/soups-2/the-best-chicken-soup-in-the-world.html]
[www.bupkis.org/index.php/recipes-2/soups-2/chicken-pastina-soup-with-escarole.html]
[www.bupkis.org/index.php/recipes-2/soups-2/matzoh-meal-recipe-how-to-make-matzoh-meal.html]
[www.bupkis.org/index.php/recipes-2/entrees/basil-pesto-penne-with-chicken-and-mushrooms.html]
[www.bupkis.org/index.php/recipes-2/soups-2/matzo-balls.html]
[www.bupkis.org/index.php/recipes-2/soups-2/lemon-chicken-and-rice-soup.html]
[www.bupkis.org/index.php/recipes-2/soups-2/french-onion-soup-gratinee.html]
[www.bupkis.org/index.php/recipes-2/soups-2/cream-of-mushroom-soup-with-sausage-and-barley.html]
[www.bupkis.org/index.php/recipes-2/entrees/beef-stew.html]
[www.bupkis.org/index.php/recipes-2/soups-2/lentil-and-italian-sausage-soup-pressure-cooker.html]
[www.bupkis.org/index.php/recipes-2/soups-2/potato-leek-soup.html]
[www.bupkis.org/index.php/recipes-2/soups-2/sams-club-leftover-chicken-soup-with-matzoh-balls.html]
[www.bupkis.org/index.php/recipes-2/soups-2/turkey-sausage-white-bean-and-butternut-squash-soup.html]
[www.bupkis.org/index.php/recipes-2/entrees/chicken-andouille-sausage-gumbo-giant-pot.html]
[www.bupkis.org/index.php/recipes-2/soups-2/italian-sausage-potato-and-kale-soup-olive-garden-zuppa-toscana.html]
[www.bupkis.org/index.php/recipes-2/entrees/chicken-and-smoked-sausage-gumbo.html]
[www.bupkis.org/index.php/buying-sashimi-grade-fish.html]
[www.bupkis.org/index.php/make-your-own-sushi/gyoza-dipping-sauce.html]
[www.bupkis.org/index.php/seared-tuna-garlic-chipotle.html]
[www.bupkis.org/index.php/recipes-2/entrees/chipotle-garlic-shrimp.html]
[www.bupkis.org/index.php/make-your-own-sushi/seasoned-vinegar.html]
[www.bupkis.org/index.php/recipes-2/entrees/chicken-spiedies.html]
[www.bupkis.org/index.php/sushi-rice.html]
[www.bupkis.org/index.php/recipes-2/drinks/coffee-freshly-ground-freshly-brewed.html]
[www.bupkis.org/index.php/egg-cream-home-made-chocolate-soda.html]
[www.bupkis.org/index.php/emeril-lagasses-rustic-rub-recipe.html]
[www.bupkis.org/index.php/recipes-2/drinks/great-party-sangria.html]
[www.bupkis.org/index.php/recipes-2/dessert/chocolate-chunk-cookies.html]
[www.bupkis.org/index.php/recipes-2/entrees/falafel-with-tahini-sauce.html]
[www.bupkis.org/index.php/recipes-2/dessert/hamentashen.html]
[www.bupkis.org/index.php/got-cpap.html]
[www.bupkis.org/index.php/recipes-2/entrees/jewish-corned-beef.html]
[www.bupkis.org/index.php/recipes-2/entrees/oven-fried-baked-falafel.html]
[www.bupkis.org/index.php/recipes-2/entrees/my-egg-mcmuffin.html]
[www.bupkis.org/index.php/what-is-bupkis.html]
[www.bupkis.org/index.php/about-this-website.html]
[www.bupkis.org/index.php/sams-dog-food.html]
[www.bupkis.org/index.php/recipes-2/entrees/pan-seared-scallops.html]
[www.bupkis.org/index.php/wp-json/wp/v2/pages/1054.json]
[www.bupkis.org/index.php/recipes-2/entrees/roasted-chicken-and-potatoes.html]
[www.bupkis.org/index.php/recipes-2/entrees/shrimp-on-the-barbie.html]
[www.bupkis.org/index.php/wp-json/oembed/1.0/embedefa0.json]
[www.bupkis.org/index.php/wp-json/oembed/1.0/embed8351]
[www.bupkis.org/index.php/recipes-2/entrees/shrimp-scampi.html]
[www.bupkis.org/index.php/wp-json/wp/v2/pages/5387.json]
[www.bupkis.org/index.php/recipes-2/entrees/turkey-burgers.html]
[www.bupkis.org/index.php/recipes-2/entrees/turkey-meatballs.html]
[www.bupkis.org/index.php/wp-json/oembed/1.0/embed15da.json]
[www.bupkis.org/index.php/wp-json/oembed/1.0/embede356]
[www.bupkis.org/index.php/recipes-2/entrees/turkey-meatballs-5lb-package.html]
[www.bupkis.org/index.php/recipes-2/entrees/white-chicken-chili.html]
[www.bupkis.org/index.php/wp-json/wp/v2/pages/294.json]
[www.bupkis.org/index.php/recipes-2/side-dishes/couscous-pine-nuts.html]
[www.bupkis.org/index.php/wp-json/oembed/1.0/embedb36a.json]
[www.bupkis.org/index.php/wp-json/oembed/1.0/embed8c99]
[www.bupkis.org/index.php/recipes-2/side-dishes/garlic-rosemary-roasted-potatoes.html]
[www.bupkis.org/index.php/recipes-2/side-dishes/mashed-potatoes.html]
[www.bupkis.org/index.php/wp-json/wp/v2/pages/308.json]
[www.bupkis.org/index.php/recipes-2/side-dishes/mexican-yellow-rice.html]
[www.bupkis.org/index.php/recipes-2/side-dishes/mexican-yellow-rice-wcorn.html]
[www.bupkis.org/index.php/wp-json/oembed/1.0/embed49f0.json]
[www.bupkis.org/index.php/wp-json/oembed/1.0/embed58a6]
[www.bupkis.org/index.php/recipes-2/side-dishes/napa-cabbage-kimchi-kimchee.html]
[www.bupkis.org/index.php/recipes-2/side-dishes/lokshen-kugel-noodle-kugel.html]
[www.bupkis.org/index.php/wp-json/wp/v2/pages/305.json]
[www.bupkis.org/index.php/recipes-2/side-dishes/roasted-butternut-squash-with-parmesan-lemon-sage.html]
[www.bupkis.org/index.php/recipes-2/side-dishes/roasted-vegetables.html]
[www.bupkis.org/index.php/wp-json/oembed/1.0/embedf43c.json]
[www.bupkis.org/index.php/wp-json/oembed/1.0/embedb22b]
[www.bupkis.org/index.php/friends/molson/russell.html]
[www.bupkis.org/index.php/recipes-2/snacks/kettle-corn.html]
[www.bupkis.org/index.php/wp-json/wp/v2/pages/185.json]
[www.bupkis.org/index.php/recipes-2/snacks/movie-theater-popcorn.html]
[www.bupkis.org/index.php/recipes-2/snacks/popcorn-salt.html]
[www.bupkis.org/index.php/wp-json/oembed/1.0/embed69ff.json]
[www.bupkis.org/index.php/wp-json/oembed/1.0/embed7d7a]
[www.bupkis.org/index.php/tamales-with-vegetable-oil-instead-of-lard.html]
[www.bupkis.org/index.php/recipes-2/favorites/spectacular-homemade-bread-without-a-dough-mixer.html]
[www.bupkis.org/index.php/wp-json/wp/v2/pages/169.json]
[www.bupkis.org/index.php/recipes-2/favorites/banana-bread.html]
[www.bupkis.org/index.php/wp-json/oembed/1.0/embed1e0b.json]
[www.bupkis.org/index.php/wp-json/oembed/1.0/embed9064]
[www.bupkis.org/index.php/wp-json/wp/v2/pages/162.json]
[www.bupkis.org/index.php/wp-json/oembed/1.0/embede633]
[www.bupkis.org/index.php/recipes-2/favorites/crusty-italian-bread.html]
[www.bupkis.org/index.php/recipes-2/favorites/challah.html]
[www.bupkis.org/index.php/wp-json/oembed/1.0/embedf45a.json]
[www.bupkis.org/index.php/wp-json/oembed/1.0/embedc5e6]
[www.bupkis.org/index.php/wp-json/wp/v2/pages/176.json]
[www.bupkis.org/index.php/recipes-2/favorites/ciabatta-bread.html]
[www.bupkis.org/index.php/recipes-2/favorites/spoon-bread.html]
[www.bupkis.org/index.php/recipes-2/favorites/popovers-makes-6.html]
[www.bupkis.org/index.php/wp-json/oembed/1.0/embed1e48.json]
[www.bupkis.org/index.php/wp-json/oembed/1.0/embed2e36]
[www.bupkis.org/index.php/alton-browns-taco-potion-19.html]
[www.bupkis.org/index.php/wp-json/wp/v2/pages/182.json]
[www.bupkis.org/index.php/recipes-2/sauces/cucumber-yogurt-sauce.html]
[www.bupkis.org/index.php/wp-json/oembed/1.0/embed521a.json]
[www.bupkis.org/index.php/wp-json/oembed/1.0/embed0d51]
[www.bupkis.org/index.php/spicy-barbecue-sauce.html]
[www.bupkis.org/index.php/wp-json/oembed/1.0/embed4ecf]
[www.bupkis.org/index.php/wp-json/oembed/1.0/embedf3b9.json]
[www.bupkis.org/index.php/wp-json/wp/v2/pages/179.json]
[www.bupkis.org/index.php/wp-json/oembed/1.0/embedb561]
[www.bupkis.org/index.php/recipes-2/sauces/fresh-ground-horseradish.html]
[www.bupkis.org/index.php/wp-json/oembed/1.0/embed3ba9]
[www.bupkis.org/index.php/wp-json/wp/v2/pages/1032.json]
[www.bupkis.org/index.php/wp-json/oembed/1.0/embed7265.json]
[www.bupkis.org/index.php/wp-json/oembed/1.0/embed3d0a]
[www.bupkis.org/index.php/wp-json/oembed/1.0/embed6043]
[www.bupkis.org/index.php/guinness-and-chili-garlic-mustard.html]
[www.bupkis.org/index.php/wp-json/wp/v2/pages/132.json]
[www.bupkis.org/index.php/wp-json/oembed/1.0/embed4dbe.json]
[www.bupkis.org/index.php/wp-json/oembed/1.0/embedb38b]
[www.bupkis.org/index.php/recipes-2/guinness-horseradish-and-sriracha-mustard.html]
[www.bupkis.org/index.php/wp-json/oembed/1.0/embedab32]
[www.bupkis.org/index.php/wp-json/wp/v2/pages/123.json]
[www.bupkis.org/index.php/wp-json/oembed/1.0/embed9f60.json]
[www.bupkis.org/index.php/wp-json/oembed/1.0/embeda20f]
[www.bupkis.org/index.php/wp-json/oembed/1.0/embedc5a7]
[www.bupkis.org/index.php/recipes-2/sauces/whipped-cream.html]
[www.bupkis.org/index.php/wp-json/wp/v2/pages/4030.json]
[www.bupkis.org/index.php/wp-json/oembed/1.0/embed7d23.json]
[www.bupkis.org/index.php/wp-json/oembed/1.0/embed298c]
[www.bupkis.org/index.php/wp-json/wp/v2/pages/2427.json]
[www.bupkis.org/index.php/wp-json/oembed/1.0/embed49d3.json]
[www.bupkis.org/index.php/recipes-2/soups-2/16-bean-soup-with-bacon.html]
[www.bupkis.org/index.php/wp-json/oembed/1.0/embed57d8]
[www.bupkis.org/index.php/wp-json/oembed/1.0/embeda478]
[www.bupkis.org/index.php/wp-json/oembed/1.0/embedc8db.json]
[www.bupkis.org/index.php/wp-json/wp/v2/pages/2958.json]
[www.bupkis.org/index.php/wp-json/wp/v2/pages/6254.json]
[www.bupkis.org/index.php/wp-json/oembed/1.0/embed9208]
[www.bupkis.org/index.php/wp-json/oembed/1.0/embed089e]
[www.bupkis.org/index.php/recipes-2/soups-2/bean-and-sausage-soup.html]
[www.bupkis.org/index.php/wp-json/oembed/1.0/embed0d14]
[www.bupkis.org/index.php/wp-json/oembed/1.0/embedf305.json]
[www.bupkis.org/index.php/wp-json/wp/v2/pages/6209.json]
[www.bupkis.org/index.php/wp-json/oembed/1.0/embeda6d0.json]
[www.bupkis.org/index.php/wp-json/oembed/1.0/embed2f22]
[www.bupkis.org/index.php/recipes-2/soups-2/bean-and-sausage-soup-pressure-cooker.html]
[www.bupkis.org/index.php/wp-json/oembed/1.0/embed684c]
[www.bupkis.org/index.php/wp-json/wp/v2/pages/2677.json]
[www.bupkis.org/index.php/wp-json/oembed/1.0/embed9ec3.json]
[www.bupkis.org/index.php/wp-json/oembed/1.0/embed8a6c]
[www.bupkis.org/index.php/wp-json/oembed/1.0/embedffb6]
[www.bupkis.org/index.php/recipes-2/soups-2/black-bean-soup.html]
[www.bupkis.org/index.php/wp-json/wp/v2/pages/554.json]
[www.bupkis.org/index.php/wp-json/wp/v2/pages/159.json]
[www.bupkis.org/index.php/wp-json/oembed/1.0/embedc05d.json]
[www.bupkis.org/index.php/wp-json/oembed/1.0/embed84d5]
[www.bupkis.org/index.php/wp-json/oembed/1.0/embeda4b3.json]
[www.bupkis.org/index.php/recipes-2/soups-2/black-beans-and-rice.html]
[www.bupkis.org/index.php/wp-json/oembed/1.0/embede754]
[www.bupkis.org/index.php/wp-json/wp/v2/pages/3349.json]
[www.bupkis.org/index.php/wp-json/oembed/1.0/embed8a15]
[www.bupkis.org/index.php/wp-json/oembed/1.0/embeddf35.json]
[www.bupkis.org/index.php/recipes-2/soups-2/butternut-squash-soup.html]
[www.bupkis.org/index.php/wp-json/oembed/1.0/embedfa1b]
[www.bupkis.org/index.php/wp-json/wp/v2/pages/129.json]
[www.bupkis.org/index.php/wp-json/oembed/1.0/embedff5e.json]
[www.bupkis.org/index.php/wp-json/oembed/1.0/embed6a8f]
[www.bupkis.org/index.php/recipes-2/soups-2/chicken-pastina-soup-with-escarole.html]
[www.bupkis.org/index.php/wp-json/oembed/1.0/embedeb5b]
[www.bupkis.org/index.php/wp-json/wp/v2/pages/3032.json]
[www.bupkis.org/index.php/wp-json/oembed/1.0/embed5aff]
[www.bupkis.org/index.php/wp-json/oembed/1.0/embede4c3.json]
[www.bupkis.org/index.php/wp-json/oembed/1.0/embed98ab]
[www.bupkis.org/index.php/wp-json/oembed/1.0/embed20a2]
[www.bupkis.org/index.php/recipes-2/soups-2/the-best-chicken-soup-in-the-world.html]
[www.bupkis.org/index.php/wp-json/wp/v2/pages/6041.json]
[www.bupkis.org/index.php/wp-json/oembed/1.0/embedb260.json]
[www.bupkis.org/index.php/wp-json/oembed/1.0/embed8cd4]
[www.bupkis.org/index.php/wp-json/oembed/1.0/embed9937.json]
[www.bupkis.org/index.php/wp-json/wp/v2/pages/4204.json]
[www.bupkis.org/index.php/recipes-2/soups-2/chicken-soup-pressure-cooker.html]
[www.bupkis.org/index.php/wp-json/oembed/1.0/embed1478]
[www.bupkis.org/index.php/wp-json/wp/v2/pages/4434.json]
[www.bupkis.org/index.php/wp-json/oembed/1.0/embedd7db]
[www.bupkis.org/index.php/recipes-2/soups-2/chicken-soup-shhh-dont-tell.html]
[www.bupkis.org/index.php/wp-json/oembed/1.0/embedb912]
[www.bupkis.org/index.php/recipes-2/sauces/tahini-sauce.html]
[www.bupkis.org/index.php/wp-json/oembed/1.0/embed4c1a.json]
[www.bupkis.org/index.php/wp-json/oembed/1.0/embed7745]
[www.bupkis.org/index.php/wp-json/wp/v2/pages/4636.json]
[www.bupkis.org/index.php/recipes-2/soups-2/matzo-balls.html]
[www.bupkis.org/index.php/wp-json/oembed/1.0/embedbf61]
[www.bupkis.org/index.php/wp-json/oembed/1.0/embed608c.json]
[www.bupkis.org/index.php/wp-json/oembed/1.0/embed2d62]
[www.bupkis.org/index.php/recipes-2/soups-2/matzoh-meal-recipe-how-to-make-matzoh-meal.html]
[www.bupkis.org/index.php/wp-json/oembed/1.0/embed4168]
[www.bupkis.org/index.php/wp-json/oembed/1.0/embed029c.json]
[www.bupkis.org/index.php/wp-json/oembed/1.0/embed391b]
[www.bupkis.org/index.php/wp-json/wp/v2/pages/5119.json]
[www.bupkis.org/index.php/wp-json/oembed/1.0/embed454d]
[www.bupkis.org/index.php/recipes-2/soups-2/cream-of-mushroom-soup-with-sausage-and-barley.html]
[www.bupkis.org/index.php/wp-json/wp/v2/pages/516.json]
[www.bupkis.org/index.php/wp-json/oembed/1.0/embed69d1.json]
[www.bupkis.org/index.php/wp-json/oembed/1.0/embedddd5]
[www.bupkis.org/index.php/wp-json/wp/v2/pages/65.json]
[www.bupkis.org/index.php/wp-json/oembed/1.0/embed0ca3]
[www.bupkis.org/index.php/recipes-2/soups-2/french-onion-soup-gratinee.html]
[www.bupkis.org/index.php/wp-json/oembed/1.0/embedd7bb]
[www.bupkis.org/index.php/wp-json/oembed/1.0/embedb97b.json]
[www.bupkis.org/index.php/wp-json/wp/v2/pages/80.json]
[www.bupkis.org/index.php/wp-json/oembed/1.0/embedff17.json]
[www.bupkis.org/index.php/recipes-2/soups-2/lemon-chicken-and-rice-soup.html]
[www.bupkis.org/index.php/wp-json/oembed/1.0/embed906d]
[www.bupkis.org/index.php/wp-json/oembed/1.0/embed4034]
[www.bupkis.org/index.php/wp-json/wp/v2/pages/3190.json]
[www.bupkis.org/index.php/wp-json/oembed/1.0/embed22e2.json]
[www.bupkis.org/index.php/wp-json/oembed/1.0/embedcb24]
[www.bupkis.org/index.php/recipes-2/soups-2/lentil-and-italian-sausage-soup-pressure-cooker.html]
[www.bupkis.org/index.php/wp-json/oembed/1.0/embed6d39]
[www.bupkis.org/index.php/wp-json/oembed/1.0/embedd3b3.json]
[www.bupkis.org/index.php/wp-json/wp/v2/pages/45.json]
[www.bupkis.org/index.php/wp-json/oembed/1.0/embed2543]
[www.bupkis.org/index.php/wp-json/oembed/1.0/embed4d58]
[www.bupkis.org/index.php/recipes-2/soups-2/potato-leek-soup.html]
[www.bupkis.org/index.php/wp-json/wp/v2/pages/12.json]
[www.bupkis.org/index.php/wp-json/oembed/1.0/embed976e.json]
[www.bupkis.org/index.php/wp-json/oembed/1.0/embed7922]
[www.bupkis.org/index.php/wp-json/wp/v2/pages/18.json]
[www.bupkis.org/index.php/wp-json/oembed/1.0/embede9c0]
[www.bupkis.org/index.php/wp-json/oembed/1.0/embed242a.json]
[www.bupkis.org/index.php/wp-json/oembed/1.0/embedca9c]
[www.bupkis.org/index.php/wp-json/wp/v2/pages/2687.json]
[www.bupkis.org/index.php/recipes-2/soups-2/sams-club-leftover-chicken-soup-with-matzoh-balls.html]
[www.bupkis.org/index.php/wp-json/oembed/1.0/embedab58]
[www.bupkis.org/index.php/wp-json/oembed/1.0/embedb5bb.json]
[www.bupkis.org/index.php/wp-json/wp/v2/pages/5068.json]
[www.bupkis.org/index.php/wp-json/oembed/1.0/embed35bb.json]
[www.bupkis.org/index.php/recipes-2/soups-2/turkey-sausage-white-bean-and-butternut-squash-soup.html]
[www.bupkis.org/index.php/wp-json/oembed/1.0/embed1c40]
[www.bupkis.org/index.php/wp-json/wp/v2/pages/135.json]
[www.bupkis.org/index.php/wp-json/oembed/1.0/embedfbfa]
[www.bupkis.org/index.php/wp-json/oembed/1.0/embedb42a.json]
[www.bupkis.org/index.php/wp-json/oembed/1.0/embed034f]
[www.bupkis.org/index.php/wp-json/oembed/1.0/embedf996]
[www.bupkis.org/index.php/wp-json/wp/v2/pages/2671.json]
[www.bupkis.org/index.php/wp-json/oembed/1.0/embed9c36.json]
[www.bupkis.org/index.php/wp-json/oembed/1.0/embed7f17]
[www.bupkis.org/index.php/recipes-2/soups-2/italian-sausage-potato-and-kale-soup-olive-garden-zuppa-toscana.html]
[www.bupkis.org/index1c11.html]
[www.bupkis.org/index.php/wp-json/oembed/1.0/embed9d0d.json]
[www.bupkis.org/index.php/wp-json/oembed/1.0/embed6556]
[www.bupkis.org/index.php/wp-json/wp/v2/pages/493.json]
[www.bupkis.org/index.php/wp-json/oembed/1.0/embed60be]
[www.bupkis.org/index.php/wp-json/wp/v2/pages/2822.json]
[www.bupkis.org/index.php/wp-json/oembed/1.0/embed7711.json]
[www.bupkis.org/index.php/wp-json/oembed/1.0/embed724c]
[www.bupkis.org/index.php/buying-sashimi-grade-fish.html]
[www.bupkis.org/index.php/wp-json/oembed/1.0/embed55f5.json]
[www.bupkis.org/index.php/wp-json/wp/v2/pages/3459.json]
[www.bupkis.org/index.php/wp-json/oembed/1.0/embed81a8]
[www.bupkis.org/index.php/wp-json/oembed/1.0/embed6a08]
[www.bupkis.org/index.php/make-your-own-sushi/gyoza-dipping-sauce.html]
[www.bupkis.org/index.php/wp-json/wp/v2/pages/4948.json]
[www.bupkis.org/index.php/wp-json/oembed/1.0/embed0b7f.json]
[www.bupkis.org/index.php/wp-json/oembed/1.0/embed9479]
[www.bupkis.org/index.php/wp-json/oembed/1.0/embed6d79]
[www.bupkis.org/index.php/wp-json/wp/v2/pages/287.json]
[www.bupkis.org/index.php/wp-json/oembed/1.0/embeda651.json]
[www.bupkis.org/index.php/wp-json/oembed/1.0/embed1a26]
[www.bupkis.org/index.php/wp-json/wp/v2/pages/6055.json]
[www.bupkis.org/index.php/seared-tuna-garlic-chipotle.html]
[www.bupkis.org/index.php/wp-json/oembed/1.0/embedf34d.json]
[www.bupkis.org/index.php/wp-json/oembed/1.0/embede54d]
[www.bupkis.org/index.php/wp-json/wp/v2/pages/3316.json]
[www.bupkis.org/index.php/wp-json/oembed/1.0/embed91d3.json]
[www.bupkis.org/index.php/wp-json/oembed/1.0/embed00a2]
[www.bupkis.org/index.php/make-your-own-sushi/seasoned-vinegar.html]
[www.bupkis.org/index.php/wp-json/oembed/1.0/embed3331]
[www.bupkis.org/index.php/wp-json/wp/v2/pages/2206.json]
[www.bupkis.org/index.php/wp-json/oembed/1.0/embed18a2.json]
[www.bupkis.org/index.php/wp-json/oembed/1.0/embed1427]
[www.bupkis.org/index.php/sushi-rice.html]
[www.bupkis.org/index.php/wp-json/oembed/1.0/embeddfc5]
[www.bupkis.org/index.php/wp-json/wp/v2/pages/929.json]
[www.bupkis.org/index.php/wp-json/oembed/1.0/embed87ae.json]
[www.bupkis.org/index.php/wp-json/oembed/1.0/embed7163]
[www.bupkis.org/index.php/wp-json/oembed/1.0/embed413f]
[www.bupkis.org/index.php/recipes-2/drinks/coffee-freshly-ground-freshly-brewed.html]
[www.bupkis.org/index.php/wp-json/wp/v2/pages/2103.json]
[www.bupkis.org/index.php/wp-json/oembed/1.0/embedbc4d.json]
[www.bupkis.org/index.php/wp-json/oembed/1.0/embed4577]
[www.bupkis.org/index.php/wp-json/oembed/1.0/embed2d13]
[www.bupkis.org/index.php/wp-json/wp/v2/pages/5764.json]
[www.bupkis.org/index.php/wp-json/oembed/1.0/embed800d.json]
[www.bupkis.org/index.php/wp-json/oembed/1.0/embed7526]
[www.bupkis.org/index.php/egg-cream-home-made-chocolate-soda.html]
[www.bupkis.org/index.php/wp-json/oembed/1.0/embed0c34.json]
[www.bupkis.org/index.php/wp-json/oembed/1.0/embed3f5a]
[www.bupkis.org/index.php/wp-json/wp/v2/pages/5822.json]
[www.bupkis.org/index.php/wp-json/oembed/1.0/embedea89]
[www.bupkis.org/index.php/recipes-2/drinks/great-party-sangria.html]
[www.bupkis.org/index.php/wp-json/wp/v2/pages/165.json]
[www.bupkis.org/index.php/wp-json/oembed/1.0/embed148d.json]
[www.bupkis.org/index.php/wp-json/oembed/1.0/embed249b]
[www.bupkis.org/index.php/wp-json/oembed/1.0/embedf368]
[www.bupkis.org/index.php/wp-json/wp/v2/pages/5142.json]
[www.bupkis.org/index.php/recipes-2/dessert/chocolate-chunk-cookies.html]
[www.bupkis.org/index.php/wp-json/wp/v2/pages/152.json]
[www.bupkis.org/index.php/wp-json/oembed/1.0/embedeeb8.json]
[www.bupkis.org/index.php/wp-json/oembed/1.0/embed7968]
[www.bupkis.org/index.php/recipes-2/dessert/hamentashen.html]
[www.bupkis.org/index.php/wp-json/wp/v2/pages/138.json]
[www.bupkis.org/index.php/wp-json/oembed/1.0/embed549d.json]
[www.bupkis.org/index.php/wp-json/oembed/1.0/embed0ae9]
[www.bupkis.org/index.php/wp-json/oembed/1.0/embed9992]
[www.bupkis.org/index.php/got-cpap.html]
[www.bupkis.org/index.php/wp-json/oembed/1.0/embed8bb4]
[www.bupkis.org/index.php/wp-json/wp/v2/pages/35.json]
[www.bupkis.org/index.php/wp-json/oembed/1.0/embed11d3.json]
[www.bupkis.org/index.php/wp-json/oembed/1.0/embedb649.json]
[www.bupkis.org/index.php/what-is-bupkis.html]
[www.bupkis.org/index.php/wp-json/oembed/1.0/embeda03f]
[www.bupkis.org/index.php/wp-json/wp/v2/pages/4724.json]
[www.bupkis.org/index.php/wp-json/oembed/1.0/embedf0c4]
[www.bupkis.org/index.php/wp-json/oembed/1.0/embed2e0d.json]
[www.bupkis.org/index.php/wp-json/oembed/1.0/embedc666]
[www.bupkis.org/index.php/wp-json/oembed/1.0/embed657c]
[www.bupkis.org/index.php/wp-json/wp/v2/pages/5875.json]
[www.bupkis.org/index.php/wp-json/oembed/1.0/embedfd3d.json]
[www.bupkis.org/index.php/wp-json/oembed/1.0/embed9dfb]
[www.bupkis.org/index.php/about-this-website.html]
[www.bupkis.org/index.php/wp-json/oembed/1.0/embedbb46.json]
[www.bupkis.org/index.php/wp-json/oembed/1.0/embedf702]
[www.bupkis.org/index.php/wp-json/wp/v2/pages/5126.json]
[www.bupkis.org/index.php/wp-json/wp/v2/pages/4223.json]
[www.bupkis.org/index.php/wp-json/oembed/1.0/embedd942]
[www.bupkis.org/index.php/wp-json/oembed/1.0/embedb7e8.json]
[www.bupkis.org/index.php/wp-json/wp/v2/pages/126.json]
[www.bupkis.org/index.php/wp-json/oembed/1.0/embed90be.json]
[www.bupkis.org/index.php/wp-json/oembed/1.0/embed65ff.json]
[www.bupkis.org/index.php/wp-json/wp/v2/pages/4050.json]
[www.bupkis.org/index.php/sams-dog-food.html]
[www.bupkis.org/index.php/wp-json/oembed/1.0/embed8198.json]
[www.bupkis.org/index.php/wp-json/wp/v2/pages/4016.json]
[www.bupkis.org/index.php/wp-json/wp/v2/pages/6.json]
[www.bupkis.org/indexd030.html]
[www.bupkis.org/index.php/wp-json/oembed/1.0/embed1dc6.json]
[www.bupkis.org/index.php/wp-json/wp/v2/pages/2183.json]
[www.bupkis.org/indexd7dd.html]
[www.bupkis.org/indexe2aa.html]
[www.bupkis.org/index.php/wp-json/oembed/1.0/embeda90e.json]
[www.bupkis.org/indexf454.html]
[www.bupkis.org/index.php/wp-json/wp/v2/pages/69.json]
[www.bupkis.org/index4720.html]
[www.bupkis.org/index.php/wp-json/oembed/1.0/embedf908.json]
[www.bupkis.org/index.php/wp-json/wp/v2/pages/3262.json]
[www.bupkis.org/index.php/wp-json/oembed/1.0/embedb3db]
[www.bupkis.org/wp-content/uploads/russell-300x199.jpg]
[www.bupkis.org/index.php/friends/molson/russell.html]
[www.bupkis.org/index.php/wp-json/oembed/1.0/embed2e1e.json]
[www.bupkis.org/index.php/wp-json/wp/v2/pages/441.json]
[www.bupkis.org/index.php/wp-json/oembed/1.0/embed6697.json]
[www.bupkis.org/indexb998.html]
[www.bupkis.org/indexff23.html]
[www.bupkis.org/index.php/wp-json/wp/v2/pages/2619.json]
[www.bupkis.org/indexbbc7.html]
[www.bupkis.org/index.php/wp-json/oembed/1.0/embed2cca.json]
[www.bupkis.org/index3440.html]
[www.bupkis.org/index.php/wp-json/wp/v2/pages/32.json]
[www.bupkis.org/baking-steel-outbound-link.html]
[www.bupkis.org/index7b17.html]
[www.bupkis.org/index.php/wp-json/oembed/1.0/embedb2fc.json]
[www.bupkis.org/indexccf8.html]
[www.bupkis.org/index.php/wp-json/wp/v2/pages/147.json]
[www.bupkis.org/index5579.html]
[www.bupkis.org/index31a3.html]
[www.bupkis.org/index.php/wp-json/oembed/1.0/embed68c5.json]
[www.bupkis.org/indexb8c4.html]
[www.bupkis.org/index.php/wp-json/wp/v2/pages/143.json]
[www.bupkis.org/indexebb3.html]
[www.bupkis.org/index.php/wp-json/oembed/1.0/embed6b83.json]
[www.bupkis.org/indexc5de.html]
[www.bupkis.org/index.php/wp-json/wp/v2/pages/4487.json]
[www.bupkis.org/indexc04f.html]
[www.bupkis.org/index.php/wp-json/oembed/1.0/embedbab2.json]
[www.bupkis.org/index79c1.html]
[www.bupkis.org/index3d92.html]
[www.bupkis.org/index.php/wp-json/wp/v2/pages/5012.json]
[www.bupkis.org/indexbee1.html]
[www.bupkis.org/indexb950.html]
[www.bupkis.org/index.php/wp-json/oembed/1.0/embed80a5.json]
[www.bupkis.org/index.php/wp-json/wp/v2/pages/119.json]
[www.bupkis.org/index0971.html]
[www.bupkis.org/index0e8b.html]
[www.bupkis.org/index1c00.html]
[www.bupkis.org/index.php/wp-json/oembed/1.0/embedc2e7.json]
[www.bupkis.org/index2116.html]
[www.bupkis.org/indexa922.html]
[www.bupkis.org/index.php/wp-json/wp/v2/pages/4898.json]
[www.bupkis.org/index381f.html]
[www.bupkis.org/index.php/wp-json/oembed/1.0/embed2be9.json]
[www.bupkis.org/index6412.html]
[www.bupkis.org/index.php/wp-json/wp/v2/pages/1662.json]
[www.bupkis.org/index.php/wp-json/wp/v2/pages/2551.json]
[www.bupkis.org/index.php/wp-json/oembed/1.0/embed7ae8.json]
[www.bupkis.org/index.php/wp-json/wp/v2/pages/4451.json]
[www.bupkis.org/index.php/wp-json/oembed/1.0/embed6b35.json]
[www.bupkis.org/index.php/wp-json/wp/v2/pages/2807.json]
[www.bupkis.org/index.php/wp-json/oembed/1.0/embed9736.json]
[www.bupkis.org/index.php/wp-json/oembed/1.0/embed79ea.json]
[www.bupkis.org/index.php/wp-json/wp/v2/pages/3303.json]
[www.bupkis.org/index.php/wp-json/oembed/1.0/embed51cd]
[www.bupkis.org/index.php/recipes-2/sauces/tahini-sauce.html]
[www.bupkis.org/index.php/wp-json/oembed/1.0/embedab2b.json]
[www.bupkis.org/index.php/wp-json/wp/v2/pages/461.json]
[www.bupkis.org/index1a90.html]
[www.bupkis.org/index.php/wp-json/oembed/1.0/embedde34.json]
[www.bupkis.org/index.php/wp-json/wp/v2/pages/4407.json]
[www.bupkis.org/indexebd4.html]
[www.bupkis.org/index.php/wp-json/oembed/1.0/embede5ad.json]
[www.bupkis.org/index3ee1.html]
[www.bupkis.org/index7665.html]
[www.bupkis.org/index.php/wp-json/wp/v2/pages/2217.json]
[www.bupkis.org/indexbde5.html]
[www.bupkis.org/indexb202.html]
[www.bupkis.org/index.php/wp-json/wp/v2/pages/5919.json]
[www.bupkis.org/index.php/wp-json/oembed/1.0/embedcb76.json]
[www.bupkis.org/index5e74.html]
[www.bupkis.org/index678b.html]
[www.bupkis.org/index0735.html]
[www.bupkis.org/index.php/wp-json/oembed/1.0/embedcf45.json]
[www.bupkis.org/index4ff7.html]
[www.bupkis.org/index.php/wp-json/wp/v2/pages/330.json]
[www.bupkis.org/index3b19.html]
[www.bupkis.org/index86fa.html]
[www.bupkis.org/index.php/wp-json/oembed/1.0/embed67a5.json]
[www.bupkis.org/index0c81.html]
[www.bupkis.org/index.php/wp-json/wp/v2/pages/338.json]
[www.bupkis.org/index7255.html]
[www.bupkis.org/indexac3e.html]
[www.bupkis.org/index.php/wp-json/oembed/1.0/embed235c.json]
[www.bupkis.org/indexdd5c.html]
[www.bupkis.org/index.php/wp-json/wp/v2/pages/54.json]
[www.bupkis.org/index5636.html]
[www.bupkis.org/index486a.html]
[www.bupkis.org/index.php/wp-json/oembed/1.0/embed03ea.json]
[www.bupkis.org/index2e65.html]
[www.bupkis.org/index.php/wp-json/wp/v2/pages/333.json]
[www.bupkis.org/index3cb6.html]
[www.bupkis.org/index4887.html]
[www.bupkis.org/index.php/wp-json/oembed/1.0/embed2fda.json]
[www.bupkis.org/indexbb46.html]
[www.bupkis.org/index.php/wp-json/wp/v2/pages/335.json]
[www.bupkis.org/indexa1f1.html]
[www.bupkis.org/index856f.html]
[www.bupkis.org/index.php/wp-json/oembed/1.0/embedaca1.json]
[www.bupkis.org/indexaa28.html]
[www.bupkis.org/index.php/recipes-2/drinks/coffee-freshly-ground-freshly-brewed/feed]
[www.bupkis.org/index17d5.html]
[www.bupkis.org/index.php/wp-json/wp/v2/pages/4778.json]
[www.bupkis.org/index.php/wp-json/wp/v2/pages/2581.json]
[www.bupkis.org/index9763.html]
[www.bupkis.org/index1611.html]
[www.bupkis.org/index1a26.html]
[www.bupkis.org/index.php/wp-json/oembed/1.0/embed6509.json]
[www.bupkis.org/index5c90.html]
[www.bupkis.org/indexf408.html]
[www.bupkis.org/index452f.html]
[www.bupkis.org/index.php/wp-json/oembed/1.0/embed4b03.json]
[www.bupkis.org/index.php/wp-json/wp/v2/pages/74.json]
[www.bupkis.org/index.php/wp-json/wp/v2/pages/6072.json]
[www.bupkis.org/indexaa0a.html]
[www.bupkis.org/index23dd.html]
[www.bupkis.org/index4ab3.html]
[www.bupkis.org/index94fb.html]
[www.bupkis.org/index.php/wp-json/oembed/1.0/embed1bf3.json]
[www.bupkis.org/index382a.html]
[www.bupkis.org/index.php/wp-json/oembed/1.0/embede634.json]
[www.bupkis.org/index42dc.html]
[www.bupkis.org/index.php/wp-json/wp/v2/pages/760.json]
[www.bupkis.org/indexbe44.html]
[www.bupkis.org/index.php/wp-json/oembed/1.0/embed51b3.json]
[www.bupkis.org/indexe2dc.html]
[www.bupkis.org/index.php/epworth-sleepiness-test.html]
[www.bupkis.org/index.php/wp-json/wp/v2/pages/4465.json]
[www.bupkis.org/indexe2d5.html]
[www.bupkis.org/index.php/wp-json/oembed/1.0/embed5a2d.json]
[www.bupkis.org/index.php/wp-json/wp/v2/pages/743.json]
[www.bupkis.org/indexdf01.html]
[www.bupkis.org/index.php/wp-json/oembed/1.0/embed943c.json]
[www.bupkis.org/index.php/wp-json/wp/v2/pages/6241.json]
[www.bupkis.org/indexadc6.html]
[www.bupkis.org/index6c46.html]
[www.bupkis.org/index.php/wp-json/wp/v2/pages/4212.json]
[www.bupkis.org/index2fa7.html]
[www.bupkis.org/indexdc22.html]
[www.bupkis.org/indexd508.html]
[www.terrys-service.com/wp-content/uploads/TerryMakingLatkes.webp]
[www.bupkis.org/index.php/wp-json/oembed/1.0/embedd246.json]
[www.bupkis.org/indexe389.html]
[www.bupkis.org/index7737.html]
[www.bupkis.org/index1ac3.html]
[www.bupkis.org/index3a58.html]
[www.bupkis.org/index9389.html]
[www.bupkis.org/index5364.html]
[www.bupkis.org/index389e.html]
[www.bupkis.org/indexfe24.html]
[www.bupkis.org/index028b.html]
[www.bupkis.org/index5646.html]
[www.bupkis.org/indexe1a1.html]
[www.bupkis.org/index1639.html]
[www.bupkis.org/indexbcd6.html]
[www.bupkis.org/indexcc0f.html]
[www.bupkis.org/index.php/recipes-2/make-your-own-sushi/sushi-rice.html]
[www.bupkis.org/indexf604.html]
[www.bupkis.org/index5294.html]
[www.bupkis.org/index2973.html]
[www.bupkis.org/xmlrpc.php]
[www.bupkis.org/indexc42e.html]
[www.bupkis.org/index49a5.html]
[www.bupkis.org/indexe95a.html]
[www.bupkis.org/index1c40.html]
[www.bupkis.org/indexf2a5.html]
[www.bupkis.org/index.php/wp-json/oembed/1.0/embed0b0d.json]
[www.bupkis.org/index.php/wp-json/wp/v2/media/299.json]
[www.bupkis.org/index.php/wp-json/oembed/1.0/embedcd40.json]
[www.bupkis.org/index.php/wp-json/wp/v2/pages/4540.json]
[www.bupkis.org/index.php/wp-json/oembed/1.0/embedca1e.json]
[www.bupkis.org/index.php/wp-json/oembed/1.0/embedce79]
[www.bupkis.org/index.php/epworth-sleepiness-test.html]
[www.bupkis.org/index2812.html]
[www.bupkis.org/index8769.html]
[www.bupkis.org/index80e2.html]
[www.bupkis.org/cnyspca-outbound-link.html]
[www.bupkis.org/PSP-outbound-link.html]
[www.bupkis.org/quarrysidevet-outbound-link.html]
[www.bupkis.org/indexbc9e.html]
[www.bupkis.org/index5576.html]
[www.bupkis.org/indexac6e.html]
[www.bupkis.org/wp-includes/css/dist/block-library/style.min9704.css]
[www.bupkis.org/wp-content/themes/generatepress/assets/css/unsemantic-grid.min9d52.css]
[www.bupkis.org/wp-includes/css/dist/block-library/style.min9704.css]
[www.bupkis.org/wp-content/themes/generatepress/assets/css/style.min9d52.css]
[www.bupkis.org/wp-content/uploads/challah_cropped-e1612472285967.jpg]
[www.bupkis.org/wp-content/themes/generatepress/assets/css/unsemantic-grid.min9d52.css]
[www.bupkis.org/wp-content/themes/generatepress/assets/css/mobile.min9d52.css]
[www.bupkis.org/index.php/wp-json/index.html]
[www.bupkis.org/wp-content/themes/generatepress/assets/css/style.min9d52.css]
[www.bupkis.org/wp-content/themes/generatepress/assets/css/components/font-icons.min9d52.css]
[www.bupkis.org/wp-content/themes/generatepress/assets/css/mobile.min9d52.css]
[www.bupkis.org/index.php/wp-json/wp/v2/pages/5986.json]
[www.bupkis.org/xmlrpc0db0.php]
[www.bupkis.org/wp-content/themes/generatepress/assets/fonts/generatepress.eot]
[www.bupkis.org/index.php/wp-json/oembed/1.0/embed95a8.json]
[www.bupkis.org/wp-content/uploads/Pozole-1024x664.jpg]
[www.bupkis.org/index.php/wp-json/oembed/1.0/embed8856]
[www.bupkis.org/wp-content/themes/generatepress/assets/fonts/generatepress.woff2]
[www.bupkis.org/wp-content/themes/generatepress/assets/js/navigation-search.min9d52.js]
[www.bupkis.org/wp-content/themes/generatepress/assets/js/back-to-top.min9d52.js]
[www.bupkis.org/wp-content/themes/generatepress/assets/js/menu.min9d52.js]
[www.bupkis.org/index.php/wp-json/wp/v2/pages/1054.json]
[www.bupkis.org/wp-content/themes/generatepress/assets/fonts/generatepress.woff]
[www.bupkis.org/index.php/wp-json/oembed/1.0/embed8351]
[www.bupkis.org/index.php/wp-json/oembed/1.0/embed15da.json]
[www.bupkis.org/index.php/wp-json/oembed/1.0/embedefa0.json]
[www.bupkis.org/index.php/wp-json/wp/v2/pages/5387.json]
[www.bupkis.org/wp-content/themes/generatepress/assets/fonts/generatepress.ttf]
[www.bupkis.org/wp-content/uploads/KitchenBookshelf-1024x815.jpg]
[www.bupkis.org/index.php/wp-json/oembed/1.0/embedb36a.json]
[www.bupkis.org/index.php/wp-json/oembed/1.0/embede356]
[www.bupkis.org/index.php/wp-json/wp/v2/pages/294.json]
[www.bupkis.org/wp-content/themes/generatepress/assets/css/components/font-icons.min9d52.css]
[www.bupkis.org/wp-content/uploads/molson.gif]
[www.bupkis.org/index.php/wp-json/oembed/1.0/embed8c99]
[www.bupkis.org/index.php/wp-json/wp/v2/pages/308.json]
[www.bupkis.org/index.php/wp-json/oembed/1.0/embed49f0.json]
[www.bupkis.org/index.php/friends.html]
[www.bupkis.org/index.php/friends.html]
[www.bupkis.org/wp-content/uploads/russell.jpg]
[www.bupkis.org/wp-content/uploads/bupkis.dotorg.zip]
[www.bupkis.org/index.php/wp-json/oembed/1.0/embed58a6]
[www.bupkis.org/index.php/wp-json/wp/v2/pages/305.json]
[www.bupkis.org/index.php/wp-json/oembed/1.0/embedf43c.json]
[www.bupkis.org/index.php/wp-json/oembed/1.0/embedb22b]
[www.bupkis.org/indexd030.html]
[www.bupkis.org/wp-content/uploads/Sammi-Snoozin.png]
[www.bupkis.org/wp-content/uploads/Sammi-Snoozin-1024x797.png]
[www.bupkis.org/index.php/wp-json/wp/v2/pages/185.json]
[www.bupkis.org/indexd7dd.html]
[www.bupkis.org/index.php/wp-json/oembed/1.0/embed69ff.json]
[www.bupkis.org/index.php/wp-json/oembed/1.0/embed7d7a]
[www.bupkis.org/indexe2aa.html]
[www.bupkis.org/wp-content/uploads/tc-big-pizza-transparentBG1.png]
[www.bupkis.org/wp-content/uploads/tc-pizza-transparentBG-300x168.png]
[www.bupkis.org/index.php/wp-json/wp/v2/pages/169.json]
[www.bupkis.org/indexf454.html]
[www.bupkis.org/index.php/wp-json/oembed/1.0/embed1e0b.json]
[www.bupkis.org/index.php/wp-json/oembed/1.0/embed9064]
[www.bupkis.org/index.php/wp-json/wp/v2/pages/162.json]
[www.bupkis.org/index4720.html]
[www.bupkis.org/index.php/wp-json/oembed/1.0/embedf45a.json]
[www.bupkis.org/index.php/friends/molson/russell.html]
[www.bupkis.org/index.php/friends/molson/russell.html]
[www.bupkis.org/index.php/wp-json/oembed/1.0/embedc5e6]
[www.bupkis.org/index.php/wp-json/wp/v2/pages/176.json]
[www.bupkis.org/indexb998.html]
[www.bupkis.org/index.php/wp-json/oembed/1.0/embed1e48.json]
[www.bupkis.org/index.php/wp-json/oembed/1.0/embed2e36]
[www.bupkis.org/index.php/wp-json/wp/v2/pages/182.json]
[www.bupkis.org/indexff23.html]
[www.bupkis.org/index.php/wp-json/oembed/1.0/embed521a.json]
[www.bupkis.org/index.php/wp-json/oembed/1.0/embed0d51]
[www.bupkis.org/wp-content/uploads/tc-big-pizza-transparentBG.png]
[www.bupkis.org/indexbbc7.html]
[www.bupkis.org/wp-content/uploads/tc-pizza-transparentBG21.gif]
[www.bupkis.org/index.php/wp-json/wp/v2/pages/179.json]
[www.bupkis.org/index.php/wp-json/oembed/1.0/embedf3b9.json]
[www.bupkis.org/index3440.html]
[www.bupkis.org/index.php/wp-json/oembed/1.0/embedb561]
[www.bupkis.org/index.php/wp-json/wp/v2/pages/1032.json]
[www.bupkis.org/index.php/wp-json/oembed/1.0/embed7265.json]
[www.bupkis.org/baking-steel-outbound-link.html]
[www.bupkis.org/index.php/wp-json/oembed/1.0/embed3d0a]
[www.bupkis.org/index.php/wp-json/wp/v2/pages/132.json]
[www.bupkis.org/index7b17.html]
[www.bupkis.org/index.php/wp-json/oembed/1.0/embed4dbe.json]
[www.bupkis.org/index.php/wp-json/oembed/1.0/embedb38b]
[www.bupkis.org/indexccf8.html]
[www.bupkis.org/index.php/wp-json/wp/v2/pages/123.json]
[www.bupkis.org/index.php/wp-json/oembed/1.0/embed9f60.json]
[www.bupkis.org/index.php/wp-json/oembed/1.0/embeda20f]
[www.bupkis.org/index5579.html]
[www.bupkis.org/index.php/wp-json/wp/v2/pages/4030.json]
[www.bupkis.org/index.php/wp-json/oembed/1.0/embed7d23.json]
[www.bupkis.org/index.php/wp-json/wp/v2/pages/2427.json]
[www.bupkis.org/index.php/wp-json/oembed/1.0/embed298c]
[www.bupkis.org/index31a3.html]
[www.bupkis.org/index.php/wp-json/oembed/1.0/embed49d3.json]
[www.bupkis.org/index.php/wp-json/oembed/1.0/embeda478]
[www.bupkis.org/wp-content/uploads/TerryMakingLatkes-210x300.jpg]
[www.bupkis.org/indexb8c4.html]
[www.bupkis.org/index.php/wp-json/wp/v2/pages/2958.json]
[www.bupkis.org/index.php/wp-json/oembed/1.0/embedc8db.json]
[www.bupkis.org/index.php/wp-json/oembed/1.0/embed089e]
[www.bupkis.org/index.php/wp-json/wp/v2/pages/6254.json]
[www.bupkis.org/indexebb3.html]
[www.bupkis.org/index.php/wp-json/oembed/1.0/embedf305.json]
[www.bupkis.org/index.php/wp-json/oembed/1.0/embed0d14]
[www.bupkis.org/index.php/wp-json/wp/v2/pages/6209.json]
[www.bupkis.org/indexc5de.html]
[www.bupkis.org/index.php/wp-json/oembed/1.0/embeda6d0.json]
[www.bupkis.org/index.php/wp-json/oembed/1.0/embed684c]
[www.bupkis.org/index.php/wp-json/wp/v2/pages/2677.json]
[www.bupkis.org/indexc04f.html]
[www.bupkis.org/index.php/wp-json/oembed/1.0/embed9ec3.json]
[www.bupkis.org/index.php/wp-json/oembed/1.0/embed8a6c]
[www.bupkis.org/wp-content/uploads/BakedStuffedShells.jpg]
[www.bupkis.org/index79c1.html]
[www.bupkis.org/index.php/wp-json/wp/v2/pages/159.json]
[www.bupkis.org/index.php/wp-json/oembed/1.0/embedc05d.json]
[www.bupkis.org/index.php/wp-json/oembed/1.0/embed84d5]
[www.bupkis.org/index.php/wp-json/wp/v2/pages/554.json]
[www.bupkis.org/index3d92.html]
[www.bupkis.org/index.php/wp-json/wp/v2/pages/3349.json]
[www.bupkis.org/index.php/wp-json/oembed/1.0/embeda4b3.json]
[www.bupkis.org/index.php/wp-json/oembed/1.0/embed8a15]
[www.bupkis.org/indexbee1.html]
[www.bupkis.org/index.php/wp-json/wp/v2/pages/129.json]
[www.bupkis.org/index.php/wp-json/oembed/1.0/embeddf35.json]
[www.bupkis.org/index.php/wp-json/oembed/1.0/embed6a8f]
[www.bupkis.org/indexb950.html]
[www.bupkis.org/index.php/wp-json/oembed/1.0/embedff5e.json]
[www.bupkis.org/index.php/wp-json/oembed/1.0/embed5aff]
[www.bupkis.org/wp-content/uploads/chicken-sausage-gumbo-ellb1002_hor.jpg]
[www.bupkis.org/index0971.html]
[www.bupkis.org/index.php/wp-json/wp/v2/pages/3032.json]
[www.bupkis.org/index.php/wp-json/oembed/1.0/embede4c3.json]
[www.bupkis.org/index.php/wp-json/oembed/1.0/embed20a2]
[www.bupkis.org/index0e8b.html]
[www.bupkis.org/index.php/wp-json/wp/v2/pages/6041.json]
[www.bupkis.org/index.php/wp-json/oembed/1.0/embedb260.json]
[www.bupkis.org/index.php/wp-json/oembed/1.0/embed8cd4]
[www.bupkis.org/index1c00.html]
[www.bupkis.org/index.php/wp-json/wp/v2/pages/4204.json]
[www.bupkis.org/index.php/wp-json/oembed/1.0/embed9937.json]
[www.bupkis.org/index.php/wp-json/oembed/1.0/embedd7db]
[www.bupkis.org/index.php/wp-json/wp/v2/pages/4434.json]
[www.bupkis.org/index2116.html]
[www.bupkis.org/index.php/wp-json/oembed/1.0/embed4c1a.json]
[www.bupkis.org/indexa922.html]
[www.bupkis.org/index.php/wp-json/oembed/1.0/embed7745]
[www.bupkis.org/wp-content/uploads/P1010251_2.jpg]
[www.bupkis.org/wp-content/uploads/P1010251_2-300x225.jpg]
[www.bupkis.org/index381f.html]
[www.bupkis.org/index.php/wp-json/wp/v2/pages/4636.json]
[www.bupkis.org/index.php/wp-json/oembed/1.0/embed608c.json]
[www.bupkis.org/index.php/wp-json/oembed/1.0/embed2d62]
[www.bupkis.org/index6412.html]
[www.bupkis.org/index.php/recipes-2/sauces/tahini-sauce.html]
[www.bupkis.org/index.php/recipes-2/sauces/tahini-sauce.html]
[www.bupkis.org/index.php/wp-json/wp/v2/pages/5119.json]
[www.bupkis.org/index.php/wp-json/oembed/1.0/embed029c.json]
[www.bupkis.org/index.php/wp-json/oembed/1.0/embed391b]
[www.bupkis.org/index1a90.html]
[www.bupkis.org/index.php/wp-json/wp/v2/pages/516.json]
[www.bupkis.org/index.php/wp-json/oembed/1.0/embed69d1.json]
[www.bupkis.org/index.php/wp-json/oembed/1.0/embedddd5]
[www.bupkis.org/indexebd4.html]
[www.bupkis.org/index.php/wp-json/oembed/1.0/embedb97b.json]
[www.bupkis.org/index.php/wp-json/wp/v2/pages/65.json]
[www.bupkis.org/index.php/wp-json/oembed/1.0/embedd7bb]
[www.bupkis.org/index3ee1.html]
[www.bupkis.org/index.php/wp-json/oembed/1.0/embedff17.json]
[www.bupkis.org/index.php/wp-json/wp/v2/pages/80.json]
[www.bupkis.org/index.php/wp-json/oembed/1.0/embed4034]
[www.bupkis.org/index7665.html]
[www.bupkis.org/index.php/wp-json/wp/v2/pages/3190.json]
[www.bupkis.org/index.php/wp-json/oembed/1.0/embed22e2.json]
[www.bupkis.org/index.php/wp-json/oembed/1.0/embedcb24]
[www.bupkis.org/indexbde5.html]
[www.bupkis.org/index.php/wp-json/wp/v2/pages/45.json]
[www.bupkis.org/index.php/wp-json/oembed/1.0/embedd3b3.json]
[www.bupkis.org/index.php/wp-json/oembed/1.0/embed2543]
[www.bupkis.org/indexb202.html]
[www.bupkis.org/index.php/wp-json/wp/v2/pages/12.json]
[www.bupkis.org/index.php/wp-json/oembed/1.0/embed976e.json]
[www.bupkis.org/index.php/wp-json/oembed/1.0/embed7922]
[www.bupkis.org/index5e74.html]
[www.bupkis.org/index.php/wp-json/wp/v2/pages/18.json]
[www.bupkis.org/index.php/wp-json/oembed/1.0/embed242a.json]
[www.bupkis.org/index.php/wp-json/oembed/1.0/embedca9c]
[www.bupkis.org/index678b.html]
[www.bupkis.org/index.php/wp-json/wp/v2/pages/2687.json]
[www.bupkis.org/index.php/wp-json/oembed/1.0/embedb5bb.json]
[www.bupkis.org/index.php/wp-json/oembed/1.0/embedab58]
[www.bupkis.org/index0735.html]
[www.bupkis.org/index.php/wp-json/wp/v2/pages/5068.json]
[www.bupkis.org/index.php/wp-json/oembed/1.0/embed35bb.json]
[www.bupkis.org/index.php/wp-json/oembed/1.0/embedfbfa]
[www.bupkis.org/index4ff7.html]
[www.bupkis.org/index.php/wp-json/wp/v2/pages/135.json]
[www.bupkis.org/index.php/wp-json/oembed/1.0/embedb42a.json]
[www.bupkis.org/index.php/wp-json/oembed/1.0/embedf996]
[www.bupkis.org/index3b19.html]
[www.bupkis.org/index.php/wp-json/oembed/1.0/embed9c36.json]
[www.bupkis.org/index.php/wp-json/wp/v2/pages/2671.json]
[www.bupkis.org/index.php/wp-json/oembed/1.0/embed7f17]
[www.bupkis.org/index86fa.html]
[www.bupkis.org/index.php/wp-json/oembed/1.0/embed9d0d.json]
[www.bupkis.org/index.php/wp-json/wp/v2/pages/493.json]
[www.bupkis.org/index.php/wp-json/oembed/1.0/embed6556]
[www.bupkis.org/index0c81.html]
[www.bupkis.org/wp-content/uploads/Potato_masher.jpg]
[www.bupkis.org/index.php/wp-json/wp/v2/pages/2822.json]
[www.bupkis.org/index.php/wp-json/oembed/1.0/embed7711.json]
[www.bupkis.org/index7255.html]
[www.bupkis.org/index.php/wp-json/oembed/1.0/embed724c]
[www.bupkis.org/indexac3e.html]
[www.bupkis.org/index.php/wp-json/wp/v2/pages/3459.json]
[www.bupkis.org/index.php/wp-json/oembed/1.0/embed55f5.json]
[www.bupkis.org/index.php/wp-json/oembed/1.0/embed81a8]
[www.bupkis.org/indexdd5c.html]
[www.bupkis.org/index.php/wp-json/wp/v2/pages/4948.json]
[www.bupkis.org/index.php/wp-json/oembed/1.0/embed0b7f.json]
[www.bupkis.org/index.php/wp-json/oembed/1.0/embed9479]
[www.bupkis.org/index5636.html]
[www.bupkis.org/index.php/wp-json/wp/v2/pages/287.json]
[www.bupkis.org/index.php/wp-json/oembed/1.0/embeda651.json]
[www.bupkis.org/index.php/wp-json/oembed/1.0/embed1a26]
[www.bupkis.org/index486a.html]
[www.bupkis.org/index.php/wp-json/wp/v2/pages/6055.json]
[www.bupkis.org/index.php/wp-json/oembed/1.0/embedf34d.json]
[www.bupkis.org/index.php/wp-json/oembed/1.0/embede54d]
[www.bupkis.org/index2e65.html]
[www.bupkis.org/index.php/wp-json/wp/v2/pages/3316.json]
[www.bupkis.org/index.php/wp-json/oembed/1.0/embed91d3.json]
[www.bupkis.org/index.php/wp-json/wp/v2/pages/2206.json]
[www.bupkis.org/index.php/wp-json/oembed/1.0/embed3331]
[www.bupkis.org/index3cb6.html]
[www.bupkis.org/index.php/wp-json/oembed/1.0/embed18a2.json]
[www.bupkis.org/index.php/wp-json/oembed/1.0/embed1427]
[www.bupkis.org/wp-content/uploads/popcorn.jpg]
[www.bupkis.org/index.php/wp-json/wp/v2/pages/929.json]
[www.bupkis.org/index4887.html]
[www.bupkis.org/wp-content/uploads/tramontina-22-quart-stainless-steel-stockpot-300x300.jpg]
[www.bupkis.org/index.php/wp-json/oembed/1.0/embed87ae.json]
[www.bupkis.org/index.php/wp-json/oembed/1.0/embed7163]
[www.bupkis.org/index.php/wp-json/wp/v2/pages/2103.json]
[www.bupkis.org/indexbb46.html]
[www.bupkis.org/index.php/wp-json/oembed/1.0/embedbc4d.json]
[www.bupkis.org/index.php/wp-json/oembed/1.0/embed4577]
[www.bupkis.org/index.php/wp-json/wp/v2/pages/5764.json]
[www.bupkis.org/indexa1f1.html]
[www.bupkis.org/index.php/wp-json/oembed/1.0/embed800d.json]
[www.bupkis.org/index.php/wp-json/oembed/1.0/embed7526]
[www.bupkis.org/index.php/wp-json/wp/v2/pages/5822.json]
[www.bupkis.org/index856f.html]
[www.bupkis.org/index.php/wp-json/oembed/1.0/embed0c34.json]
[www.bupkis.org/index.php/wp-json/oembed/1.0/embed3f5a]
[www.bupkis.org/wp-content/uploads/IMG_20200601_180556974-scaled-e1606330597116.jpg]
[www.bupkis.org/indexaa28.html]
[www.bupkis.org/index.php/wp-json/wp/v2/pages/165.json]
[www.bupkis.org/index.php/wp-json/oembed/1.0/embed148d.json]
[www.bupkis.org/index.php/wp-json/oembed/1.0/embed249b]
[www.bupkis.org/index17d5.html]
[www.bupkis.org/index.php/wp-json/wp/v2/pages/5142.json]
[www.bupkis.org/index.php/wp-json/oembed/1.0/embedeeb8.json]
[www.bupkis.org/index9763.html]
[www.bupkis.org/index.php/wp-json/wp/v2/pages/152.json]
[www.bupkis.org/wp-content/uploads/CrustyItalianLoaf.jpg]
[www.bupkis.org/wp-content/uploads/CrumbShot.jpg]
[www.bupkis.org/index.php/wp-json/oembed/1.0/embed549d.json]
[www.bupkis.org/index.php/wp-json/oembed/1.0/embed0ae9]
[www.bupkis.org/index.php/wp-json/wp/v2/pages/138.json]
[www.bupkis.org/wp-content/uploads/challah_cropped.jpg]
[www.bupkis.org/index1611.html]
[www.bupkis.org/wp-content/uploads/challah_cropped-1024x292.jpg]
[www.bupkis.org/index.php/wp-json/oembed/1.0/embed11d3.json]
[www.bupkis.org/index.php/wp-json/oembed/1.0/embed8bb4]
[www.bupkis.org/wp-content/uploads/ciabatta.jpg]
[www.bupkis.org/index1a26.html]
[www.bupkis.org/index.php/wp-json/wp/v2/pages/35.json]
[www.bupkis.org/index.php/wp-json/oembed/1.0/embedb649.json]
[www.bupkis.org/index.php/wp-json/oembed/1.0/embedf0c4]
[www.bupkis.org/index5c90.html]
[www.bupkis.org/index.php/wp-json/wp/v2/pages/4724.json]
[www.bupkis.org/index.php/wp-json/oembed/1.0/embed2e0d.json]
[www.bupkis.org/index.php/wp-json/oembed/1.0/embed657c]
[www.bupkis.org/indexf408.html]
[www.bupkis.org/wp-content/uploads/popover_hand_800.jpg]
[www.bupkis.org/index.php/wp-json/wp/v2/pages/5875.json]
[www.bupkis.org/index.php/wp-json/oembed/1.0/embedfd3d.json]
[www.bupkis.org/index.php/wp-json/oembed/1.0/embed9dfb]
[www.bupkis.org/index452f.html]
[www.bupkis.org/index.php/wp-json/wp/v2/pages/5126.json]
[www.bupkis.org/index.php/wp-json/oembed/1.0/embedbb46.json]
[www.bupkis.org/index.php/wp-json/oembed/1.0/embedf702]
[www.bupkis.org/indexaa0a.html]
[www.bupkis.org/index.php/wp-json/wp/v2/pages/4223.json]
[www.bupkis.org/index.php/wp-json/oembed/1.0/embedb7e8.json]
[www.bupkis.org/index23dd.html]
[www.bupkis.org/index.php/wp-json/wp/v2/pages/126.json]
[www.bupkis.org/index.php/wp-json/oembed/1.0/embed90be.json]
[www.bupkis.org/index4ab3.html]
[www.bupkis.org/index.php/wp-json/wp/v2/pages/4050.json]
[www.bupkis.org/index.php/wp-json/oembed/1.0/embed65ff.json]
[www.bupkis.org/index94fb.html]
[www.bupkis.org/wp-content/uploads/chili_garlic_mustard-300x277.jpg]
[www.bupkis.org/index.php/wp-json/wp/v2/pages/4016.json]
[www.bupkis.org/index.php/wp-json/oembed/1.0/embed8198.json]
[www.bupkis.org/index382a.html]
[www.bupkis.org/index.php/wp-json/wp/v2/pages/6.json]
[www.bupkis.org/index.php/wp-json/oembed/1.0/embed1dc6.json]
[www.bupkis.org/index42dc.html]
[www.bupkis.org/index.php/wp-json/wp/v2/pages/2183.json]
[www.bupkis.org/index.php/wp-json/oembed/1.0/embeda90e.json]
[www.bupkis.org/indexbe44.html]
[www.bupkis.org/index.php/wp-json/wp/v2/pages/69.json]
[www.bupkis.org/index.php/wp-json/oembed/1.0/embedf908.json]
[www.bupkis.org/indexe2dc.html]
[www.bupkis.org/index.php/wp-json/wp/v2/pages/3262.json]
[www.bupkis.org/index.php/wp-json/oembed/1.0/embed2e1e.json]
[www.bupkis.org/indexe2d5.html]
[www.bupkis.org/index.php/wp-json/wp/v2/pages/441.json]
[www.bupkis.org/index.php/wp-json/oembed/1.0/embed6697.json]
[www.bupkis.org/indexdf01.html]
[www.bupkis.org/index.php/wp-json/wp/v2/pages/2619.json]
[www.bupkis.org/index.php/wp-json/oembed/1.0/embed2cca.json]
[www.bupkis.org/indexadc6.html]
[www.bupkis.org/index.php/wp-json/wp/v2/pages/32.json]
[www.bupkis.org/index.php/wp-json/oembed/1.0/embedb2fc.json]
[www.bupkis.org/index6c46.html]
[www.bupkis.org/index.php/wp-json/wp/v2/pages/147.json]
[www.bupkis.org/index.php/wp-json/oembed/1.0/embed68c5.json]
[www.bupkis.org/index2fa7.html]
[www.bupkis.org/index.php/wp-json/wp/v2/pages/143.json]
[www.bupkis.org/index.php/wp-json/oembed/1.0/embed6b83.json]
[www.bupkis.org/indexdc22.html]
[www.bupkis.org/index.php/wp-json/wp/v2/pages/4487.json]
[www.bupkis.org/index.php/wp-json/oembed/1.0/embedbab2.json]
[www.bupkis.org/index.php/wp-json/wp/v2/pages/5012.json]
[www.bupkis.org/index.php/wp-json/oembed/1.0/embed80a5.json]
[www.bupkis.org/indexd508.html]
[www.bupkis.org/index.php/wp-json/wp/v2/pages/119.json]
[www.bupkis.org/index.php/wp-json/oembed/1.0/embedc2e7.json]
[www.bupkis.org/indexe389.html]
[www.bupkis.org/index.php/wp-json/wp/v2/pages/4898.json]
[www.bupkis.org/index7737.html]
[www.bupkis.org/index.php/wp-json/oembed/1.0/embed2be9.json]
[www.bupkis.org/index.php/wp-json/wp/v2/pages/2551.json]
[www.bupkis.org/index.php/wp-json/wp/v2/pages/1662.json]
[www.bupkis.org/index1ac3.html]
[www.bupkis.org/index.php/wp-json/oembed/1.0/embed7ae8.json]
[www.bupkis.org/index3a58.html]
[www.bupkis.org/index.php/wp-json/oembed/1.0/embed6b35.json]
[www.bupkis.org/index.php/wp-json/wp/v2/pages/2807.json]
[www.bupkis.org/index.php/wp-json/oembed/1.0/embed79ea.json]
[www.bupkis.org/index9389.html]
[www.bupkis.org/index.php/wp-json/wp/v2/pages/3303.json]
[www.bupkis.org/index.php/wp-json/oembed/1.0/embedab2b.json]
[www.bupkis.org/index.php/wp-json/wp/v2/pages/461.json]
[www.bupkis.org/index.php/wp-json/oembed/1.0/embedde34.json]
[www.bupkis.org/index5364.html]
[www.bupkis.org/index.php/wp-json/wp/v2/pages/4407.json]
[www.bupkis.org/index.php/wp-json/oembed/1.0/embede5ad.json]
[www.bupkis.org/wp-content/uploads/samsclub_roasted_chicken-300x300.jpg]
[www.bupkis.org/index389e.html]
[www.bupkis.org/index.php/wp-json/wp/v2/pages/5919.json]
[www.bupkis.org/index.php/wp-json/oembed/1.0/embedcb76.json]
[www.bupkis.org/index.php/wp-json/wp/v2/pages/2217.json]
[www.bupkis.org/indexfe24.html]
[www.bupkis.org/index.php/wp-json/oembed/1.0/embedcf45.json]
[www.bupkis.org/wp-content/uploads/zuppa_toscana-300x274.jpg]
[www.bupkis.org/index.php/wp-json/wp/v2/pages/330.json]
[www.bupkis.org/wp-content/uploads/terry_carmen_sushi-1024x531.jpg]
[www.bupkis.org/index.php/wp-json/oembed/1.0/embed67a5.json]
[www.bupkis.org/index028b.html]
[www.bupkis.org/index.php/wp-json/wp/v2/pages/338.json]
[www.bupkis.org/index.php/wp-json/oembed/1.0/embed235c.json]
[www.bupkis.org/index.php/wp-json/wp/v2/pages/54.json]
[www.bupkis.org/index.php/wp-json/oembed/1.0/embed03ea.json]
[www.bupkis.org/index.php/wp-json/wp/v2/pages/333.json]
[www.bupkis.org/index.php/wp-json/oembed/1.0/embed2fda.json]
[www.bupkis.org/index5646.html]
[www.bupkis.org/index.php/wp-json/wp/v2/pages/335.json]
[www.bupkis.org/index.php/wp-json/oembed/1.0/embedaca1.json]
[www.bupkis.org/indexe1a1.html]
[www.bupkis.org/index.php/recipes-2/drinks/coffee-freshly-ground-freshly-brewed/feed]
[www.bupkis.org/index.php/wp-json/wp/v2/pages/2581.json]
[www.bupkis.org/index.php/wp-json/wp/v2/pages/4778.json]
[www.bupkis.org/index.php/wp-json/oembed/1.0/embed6509.json]
[www.bupkis.org/index1639.html]
[www.bupkis.org/index.php/wp-json/oembed/1.0/embed4b03.json]
[www.bupkis.org/wp-content/uploads/IMG_20170408_161322-579x1024.jpg]
[www.bupkis.org/wp-content/uploads/IMG_20170408_160448-579x1024.jpg]
[www.bupkis.org/wp-content/uploads/IMG_20170408_160534-579x1024.jpg]
[www.bupkis.org/wp-content/uploads/IMG_20170408_160946-579x1024.jpg]
[www.bupkis.org/wp-content/uploads/IMG_20170408_161156-579x1024.jpg]
[www.bupkis.org/wp-content/uploads/IMG_20170408_161219-579x1024.jpg]
[www.bupkis.org/indexbcd6.html]
[www.bupkis.org/index.php/wp-json/wp/v2/pages/74.json]
[www.bupkis.org/index.php/wp-json/wp/v2/pages/6072.json]
[www.bupkis.org/index.php/wp-json/oembed/1.0/embed1bf3.json]
[www.bupkis.org/index.php/wp-json/oembed/1.0/embede634.json]
[www.bupkis.org/wp-content/uploads/Chocolate-Cunk-Cookies-300x259.jpg]
[www.bupkis.org/indexcc0f.html]
[www.bupkis.org/index.php/wp-json/wp/v2/pages/760.json]
[www.bupkis.org/index.php/wp-json/oembed/1.0/embed51b3.json]
[www.bupkis.org/wp-content/uploads/h93Xaksl.jpg]
[www.bupkis.org/index.php/wp-json/wp/v2/pages/4465.json]
[www.bupkis.org/index.php/wp-json/oembed/1.0/embed5a2d.json]
[www.bupkis.org/indexf604.html]
[www.bupkis.org/wp-content/uploads/cpap_comic.jpg]
[www.bupkis.org/index.php/wp-json/wp/v2/pages/743.json]
[www.bupkis.org/index.php/wp-json/oembed/1.0/embed943c.json]
[www.terrys-service.com/wp-content/uploads/TerryMakingLatkes.webp]
[www.terrys-service.com/wp-content/uploads/TerryMakingLatkes.webp]
[www.bupkis.org/index.php/wp-json/wp/v2/pages/6241.json]
[www.bupkis.org/index.php/wp-json/wp/v2/pages/4212.json]
[www.bupkis.org/index5294.html]
[www.bupkis.org/index.php/wp-json/oembed/1.0/embedd246.json]
[www.bupkis.org/index.php/wp-json/oembed/1.0/embed0b0d.json]
[www.bupkis.org/index2973.html]
[www.bupkis.org/wp-content/uploads/sammi-sleeping-on-couch.jpg]
[www.bupkis.org/wp-content/uploads/sammi-sleeping-on-couch-300x286.jpg]
[www.bupkis.org/xmlrpc.php]
[www.bupkis.org/wp-content/uploads/Potato_masher-150x150.jpg]
[www.bupkis.org/index.php/wp-json/wp/v2/media/299.json]
[www.bupkis.org/index.php/wp-json/oembed/1.0/embedcd40.json]
[www.bupkis.org/indexc42e.html]
[www.bupkis.org/index.php/wp-json/wp/v2/pages/4451.json]
[www.bupkis.org/index.php/wp-json/oembed/1.0/embed9736.json]
[www.bupkis.org/index.php/wp-json/wp/v2/pages/4540.json]
[www.bupkis.org/index49a5.html]
[www.bupkis.org/index.php/wp-json/oembed/1.0/embedca1e.json]
[www.bupkis.org/index.php/wp-json/oembed/1.0/embed98ab]
[www.bupkis.org/index.php/wp-json/oembed/1.0/embed0ca3]
[www.bupkis.org/indexe95a.html]
[www.bupkis.org/index.php/wp-json/oembed/1.0/embed4d58]
[www.bupkis.org/index1c40.html]
[www.bupkis.org/indexf2a5.html]
[www.bupkis.org/index.php/wp-json/oembed/1.0/embede9c0]
[www.bupkis.org/index.php/epworth-sleepiness-test.html]
[www.bupkis.org/index.php/epworth-sleepiness-test.html]
[www.bupkis.org/index2812.html]
[www.bupkis.org/index8769.html]
[www.bupkis.org/index.php/wp-json/oembed/1.0/embed034f]
[www.bupkis.org/index.php/wp-json/oembed/1.0/embed60be]
[www.bupkis.org/index.php/wp-json/oembed/1.0/embed6a08]
[www.bupkis.org/index.php/wp-json/oembed/1.0/embed6d79]
[www.bupkis.org/index80e2.html]
[www.bupkis.org/index.php/wp-json/oembed/1.0/embed00a2]
[www.bupkis.org/index.php/wp-json/oembed/1.0/embed2d13]
[www.bupkis.org/cnyspca-outbound-link.html]
[www.bupkis.org/indexbc9e.html]
[www.bupkis.org/index5576.html]
[www.bupkis.org/index.php/wp-json/oembed/1.0/embedea89]
[www.bupkis.org/index.php/wp-json/oembed/1.0/embedc666]
[www.bupkis.org/indexac6e.html]
[www.bupkis.org/index.php/wp-json/oembed/1.0/embed51cd]
[www.bupkis.org/wp-content/themes/generatepress/assets/fonts/generatepress.svg]
[www.bupkis.org/index.php/wp-json/oembed/1.0/embedce79]
